# serializer version: 1
# name: test_status
  dict({
    'ambient_temperature': 27.96,
    'boot_time': 28,
    'firmware_version': '3.0.8',
    'nitrogen_index': 1,
    'pm003_count': 270,
    'pm01': 22,
    'pm02': 34,
    'pm10': 41,
    'raw_nitrogen': 16931,
    'raw_total_volatile_organic_component': 31792,
    'rco2': 778,
    'relative_humidity': 48.0,
    'serial_number': '84fce612f5b8',
    'signal_strength': -52,
    'total_volatile_organic_component_index': 99,
  })
# ---
