# serializer version: 1
# name: test_aggregate_measurements
  dict({
    <MeasurementType.WEIGHT: 1>: 108.4,
    <MeasurementType.HEIGHT: 4>: 1.6,
    <MeasurementType.FAT_FREE_MASS: 5>: 96.0,
    <MeasurementType.FAT_RATIO: 6>: 11.439,
    <MeasurementType.FAT_MASS_WEIGHT: 8>: 12.4,
    <MeasurementType.DIASTOLIC_BLOOD_PRESSURE: 9>: 106.0,
    <MeasurementType.SYSTOLIC_BLOOD_PRESSURE: 10>: 158.0,
    <MeasurementType.HEART_RATE: 11>: 62.0,
    <MeasurementType.MUSCLE_MASS: 76>: 92.2,
    <MeasurementType.HYDRATION: 77>: 70.39,
    <MeasurementType.BONE_MASS: 88>: 3.8000000000000003,
    <MeasurementType.PULSE_WAVE_VELOCITY: 91>: 7.4,
    <MeasurementType.VASCULAR_AGE: 155>: 28.900000000000002,
  })
# ---
# name: test_aggregate_no_sleep_summary
  None
# ---
# name: test_aggregate_single_sleep_summary
  dict({
    'active_movement_duration': None,
    'apnea_hypopnea_index': 9,
    'average_heart_rate': 103,
    'average_movement_score': None,
    'average_respiration_rate': 14,
    'breathing_disturbances_intensity': 9,
    'date': datetime.date(2021, 4, 18),
    'deep_sleep_duration': 5820,
    'end_date': datetime.datetime(2021, 4, 18, 2, 32, 53, tzinfo=datetime.timezone.utc),
    'external_time_asleep': None,
    'hashed_device_id': '201d0b9a0556d6b755166b2cf8d22d3bdf0487ee',
    'light_sleep_duration': 10440,
    'max_heart_rate': 120,
    'max_respiration_rate': 20,
    'min_heart_rate': 70,
    'min_respiration_rate': 10,
    'out_of_bed_count': 0,
    'rem_sleep_duration': 2400,
    'rem_sleep_phase_count': 1,
    'sleep_efficiency': 0.86,
    'sleep_latency': 540,
    'sleep_score': 37,
    'snoring': 1080,
    'snoring_count': 18,
    'start_date': datetime.datetime(2021, 4, 17, 20, 30, 53, tzinfo=datetime.timezone.utc),
    'time_awake_during_sleep': 1380,
    'total_sleep_time': 18660,
    'total_time_awake': 3060,
    'total_time_in_bed': None,
    'wake_up_count': 1,
    'wake_up_latency': 1140,
    'withings_index': None,
  })
# ---
# name: test_aggregate_sleep_summary
  dict({
    'active_movement_duration': None,
    'apnea_hypopnea_index': None,
    'average_heart_rate': 81,
    'average_movement_score': None,
    'average_respiration_rate': 15,
    'breathing_disturbances_intensity': 13,
    'date': datetime.date(2021, 3, 8),
    'deep_sleep_duration': 1492500,
    'end_date': datetime.datetime(2021, 3, 9, 5, 51, 39, tzinfo=datetime.timezone.utc),
    'external_time_asleep': None,
    'hashed_device_id': '201d0b9a0556d6b755166b2cf8d22d3bdf0487ee',
    'light_sleep_duration': 3910680,
    'max_heart_rate': 112,
    'max_respiration_rate': 20,
    'min_heart_rate': 53,
    'min_respiration_rate': 10,
    'out_of_bed_count': None,
    'rem_sleep_duration': 1519620,
    'rem_sleep_phase_count': None,
    'sleep_efficiency': None,
    'sleep_latency': 1017,
    'sleep_score': 92,
    'snoring': 611,
    'snoring_count': 3057,
    'start_date': datetime.datetime(2021, 3, 7, 21, 30, 42, tzinfo=datetime.timezone.utc),
    'time_awake_during_sleep': None,
    'total_sleep_time': None,
    'total_time_awake': 3680,
    'total_time_in_bed': None,
    'wake_up_count': 692,
    'wake_up_latency': 894,
    'withings_index': None,
  })
# ---
